// Jest Snapshot v1, https://goo.gl/fbAQLP

exports[`renders welcome message 1`] = `
<div>
  <h2>
    Welcome to the Game
  </h2>
  <Link
    data-start-button={true}
    replace={false}
    to="/rounds/1"
  >
    Start Game
  </Link>
</div>
`;
