// Jest Snapshot v1, https://goo.gl/fbAQLP

exports[`renders welcome message 1`] = `
<div
  className="App"
>
  <header
    className="App-header"
  >
    <h2>
      Welcome to the Game
    </h2>
    <button>
      Start Game
    </button>
  </header>
</div>
`;
